---
source: target-spec-miette/tests/snapshot/custom.rs
expression: "format!(\"{:?}\", miette::Report::new_boxed(diagnostic))"
snapshot_kind: text
---
  × error deserializing custom target JSON for `my-target`
    ╭─[35:1]
 34 │     "target-pointer-width": "64"
 35 │ }
    · ▲
    · ╰── missing field `arch`
    ╰────
