---
source: target-spec-miette/tests/snapshot/custom.rs
expression: "format!(\"{:?}\", miette::Report::new_boxed(diagnostic))"
snapshot_kind: text
---
  × error deserializing custom target JSON for `my-target`
    ╭─[32:29]
 31 │     },
 32 │     "target-endian": "middle",
    ·                             ▲
    ·                             ╰── unknown variant `middle`, expected `little` or `big`
 33 │     "target-family": ["unix"],
    ╰────
